################################################################################
#                                                                              #
#      IAR Universal Linker V6.5.4.100                                         #
#                                                                              #
#           Link time     =  14/Apr/2021  14:52:22                             #
#           Target CPU    =  MSP430                                            #
#           List file     =  "C:\Users\Charles\Desktop\Project demo\1.1\Debug\ #
#                            List\1.1.map"                                     #
#           Output file 1 =  "C:\Users\Charles\Desktop\Project demo\1.1\Debug\ #
#                            Exe\1.1.d43"                                      #
#                            Format: ubrof10                                   #
#                            UBROF version 10.0.6                              #
#                            Using library modules for C-SPY (-rt)             #
#           Command line  =  -f                                                #
#                            C:\Users\Charles\AppData\Local\Temp\EW922B.tmp    #
#                            ("C:\Users\Charles\Desktop\Project demo\1.1\Debug #
#                            \Obj\main.r43"                                    #
#                            -o                                                #
#                            "C:\Users\Charles\Desktop\Project demo\1.1\Debug\ #
#                            Exe\1.1.d43"                                      #
#                            -l                                                #
#                            "C:\Users\Charles\Desktop\Project demo\1.1\Debug\ #
#                            List\1.1.map"                                     #
#                            -xms                                              #
#                            "-IC:\Program Files (x86)\IAR Systems\Embedded Wo #
#                            rkbench 8.0\430\LIB\"                             #
#                            -f                                                #
#                            "C:\Program Files (x86)\IAR Systems\Embedded Work #
#                            bench 8.0\430\config\linker\lnk430g2553.xcl"      #
#                            (-cmsp430 -QCODE_I=CODE_ID -QTLS16_I=TLS16_ID     #
#                            -Z(CONST)INFO=1000-10FF                           #
#                            -Z(CONST)INFOA=10C0-10FF                          #
#                            -Z(CONST)INFOB=1080-10BF                          #
#                            -Z(CONST)INFOC=1040-107F                          #
#                            -Z(CONST)INFOD=1000-103F                          #
#                            -Z(DATA)DATA16_I,DATA16_Z,DATA16_N,TLS16_I=0200-0 #
#                            3FF                                               #
#                            -Z(DATA)DATA16_HEAP+_DATA16_HEAP_SIZE             #
#                            -Z(DATA)CODE_I -Z(DATA)CSTACK+_STACK_SIZE#        #
#                            -Z(CONST)DATA16_C,DATA16_ID,TLS16_ID,DIFUNCT,CHEC #
#                            KSUM=C000-FFDD                                    #
#                            -Z(CODE)CSTART,ISR_CODE,CODE_ID=C000-FFDD         #
#                            -P(CODE)CODE=C000-FFDD                            #
#                            -Z(CONST)SIGNATURE=FFDE-FFDF                      #
#                            -Z(CODE)INTVEC=FFE0-FFFF                          #
#                            -Z(CODE)RESET=FFFE-FFFF) -D_STACK_SIZE=50 -rt     #
#                            "C:\Program Files (x86)\IAR Systems\Embedded Work #
#                            bench 8.0\430\lib\dlib\dl430fn.r43"               #
#                            -e_PrintfLarge=_Printf -e_ScanfLarge=_Scanf       #
#                            -D_DATA16_HEAP_SIZE=50 -s __program_start         #
#                            -D_DATA20_HEAP_SIZE=50)                           #
#                                                                              #
#                           Copyright (C) 1987-2018 IAR Systems AB.            #
################################################################################





                ****************************************
                *                                      *
                *           CROSS REFERENCE            *
                *                                      *
                ****************************************

       Program entry at :           C000  Relocatable, from module : ?cstart




                ****************************************
                *                                      *
                *            RUNTIME MODEL             *
                *                                      *
                ****************************************

  __Heap_Handler             = Basic
  __SystemLibrary            = DLib
  __core                     = 430
  __dlib_file_descriptor     = 0
  __dlib_full_locale_support = 0
  __double_size              = 32
  __pic                      = no
  __reg_r4                   = free
  __reg_r5                   = free
  __rt_version               = 3

                ****************************************
                *                                      *
                *    AUTOMATIC SYMBOL REDIRECTIONS     *
                *                                      *
                ****************************************

                  There are no automatic symbol redirections.



                ****************************************
                *                                      *
                *              MODULE MAP              *
                *                                      *
                ****************************************


  DEFINED ABSOLUTE ENTRIES
    *************************************************************************

  DEFINED ABSOLUTE ENTRIES
  PROGRAM MODULE, NAME : ?ABS_ENTRY_MOD

Absolute parts
           ENTRY                   ADDRESS         REF BY
           =====                   =======         ======
           _DATA20_HEAP_SIZE       0050 
           _DATA16_HEAP_SIZE       0050 
           _STACK_SIZE             0050 
    *************************************************************************

  FILE NAME : C:\Users\Charles\Desktop\Project demo\1.1\Debug\Obj\main.r43
  PROGRAM MODULE, NAME : main

  SEGMENTS IN THE MODULE
  ======================
DATA16_AN
  Relative segment, address: 0001 - 0001 (0x1 bytes), align: 0
  Segment part 1. ROOT        Intra module refs:   main
           ENTRY                   ADDRESS         REF BY
           =====                   =======         ======
           _A_IE2                  0001 
           LOCAL                   ADDRESS         
           =====                   =======         
           IE2                     0001 
           IE2_bit                 0001 
    -------------------------------------------------------------------------
DATA16_AN
  Relative segment, address: 0003 - 0003 (0x1 bytes), align: 0
  Segment part 2. ROOT        Intra module refs:   USCI0RX_ISR
                                                   getc
                                                   putc
           ENTRY                   ADDRESS         REF BY
           =====                   =======         ======
           _A_IFG2                 0003 
           LOCAL                   ADDRESS         
           =====                   =======         
           IFG2                    0003 
           IFG2_bit                0003 
    -------------------------------------------------------------------------
DATA16_AN
  Relative segment, address: 004A - 004A (0x1 bytes), align: 0
  Segment part 3. ROOT        Intra module refs:   Init_ADC
           ENTRY                   ADDRESS         REF BY
           =====                   =======         ======
           ADC10AE0                004A 
    -------------------------------------------------------------------------
DATA16_AN
  Relative segment, address: 01B0 - 01B1 (0x2 bytes), align: 0
  Segment part 4. ROOT        Intra module refs:   Init_ADC
           ENTRY                   ADDRESS         REF BY
           =====                   =======         ======
           _A_ADC10CTL0            01B0 
           LOCAL                   ADDRESS         
           =====                   =======         
           ADC10CTL0               01B0 
           ADC10CTL0_bit           01B0 
    -------------------------------------------------------------------------
DATA16_AN
  Relative segment, address: 01B2 - 01B3 (0x2 bytes), align: 0
  Segment part 5. ROOT        Intra module refs:   Init_ADC
           ENTRY                   ADDRESS         REF BY
           =====                   =======         ======
           _A_ADC10CTL1            01B2 
           LOCAL                   ADDRESS         
           =====                   =======         
           ADC10CTL1               01B2 
           ADC10CTL1_bit           01B2 
    -------------------------------------------------------------------------
DATA16_AN
  Relative segment, address: 01B4 - 01B5 (0x2 bytes), align: 0
  Segment part 6. ROOT        Intra module refs:   Init_PID
                                                   Sample
           ENTRY                   ADDRESS         REF BY
           =====                   =======         ======
           ADC10MEM                01B4 
    -------------------------------------------------------------------------
DATA16_AN
  Relative segment, address: 0056 - 0056 (0x1 bytes), align: 0
  Segment part 7. ROOT        Intra module refs:   Init
           ENTRY                   ADDRESS         REF BY
           =====                   =======         ======
           _A_DCOCTL               0056 
           LOCAL                   ADDRESS         
           =====                   =======         
           DCOCTL                  0056 
           DCOCTL_bit              0056 
    -------------------------------------------------------------------------
DATA16_AN
  Relative segment, address: 0057 - 0057 (0x1 bytes), align: 0
  Segment part 8. ROOT        Intra module refs:   Init
           ENTRY                   ADDRESS         REF BY
           =====                   =======         ======
           _A_BCSCTL1              0057 
           LOCAL                   ADDRESS         
           =====                   =======         
           BCSCTL1                 0057 
           BCSCTL1_bit             0057 
    -------------------------------------------------------------------------
DATA16_AN
  Relative segment, address: 0021 - 0021 (0x1 bytes), align: 0
  Segment part 9. ROOT        Intra module refs:   Init
                                                   main
           ENTRY                   ADDRESS         REF BY
           =====                   =======         ======
           _A_P1OUT                0021 
           LOCAL                   ADDRESS         
           =====                   =======         
           P1OUT                   0021 
           P1OUT_bit               0021 
    -------------------------------------------------------------------------
DATA16_AN
  Relative segment, address: 0022 - 0022 (0x1 bytes), align: 0
  Segment part 10. ROOT       Intra module refs:   Init
           ENTRY                   ADDRESS         REF BY
           =====                   =======         ======
           _A_P1DIR                0022 
           LOCAL                   ADDRESS         
           =====                   =======         
           P1DIR                   0022 
           P1DIR_bit               0022 
    -------------------------------------------------------------------------
DATA16_AN
  Relative segment, address: 0025 - 0025 (0x1 bytes), align: 0
  Segment part 11. ROOT       Intra module refs:   Init
           ENTRY                   ADDRESS         REF BY
           =====                   =======         ======
           _A_P1IE                 0025 
           LOCAL                   ADDRESS         
           =====                   =======         
           P1IE                    0025 
           P1IE_bit                0025 
    -------------------------------------------------------------------------
DATA16_AN
  Relative segment, address: 0026 - 0026 (0x1 bytes), align: 0
  Segment part 12. ROOT       Intra module refs:   Init_UART
           ENTRY                   ADDRESS         REF BY
           =====                   =======         ======
           _A_P1SEL                0026 
           LOCAL                   ADDRESS         
           =====                   =======         
           P1SEL                   0026 
           P1SEL_bit               0026 
    -------------------------------------------------------------------------
DATA16_AN
  Relative segment, address: 0041 - 0041 (0x1 bytes), align: 0
  Segment part 13. ROOT       Intra module refs:   Init_UART
           ENTRY                   ADDRESS         REF BY
           =====                   =======         ======
           _A_P1SEL2               0041 
           LOCAL                   ADDRESS         
           =====                   =======         
           P1SEL2                  0041 
           P1SEL2_bit              0041 
    -------------------------------------------------------------------------
DATA16_AN
  Relative segment, address: 0027 - 0027 (0x1 bytes), align: 0
  Segment part 14. ROOT       Intra module refs:   Init
           ENTRY                   ADDRESS         REF BY
           =====                   =======         ======
           _A_P1REN                0027 
           LOCAL                   ADDRESS         
           =====                   =======         
           P1REN                   0027 
           P1REN_bit               0027 
    -------------------------------------------------------------------------
DATA16_AN
  Relative segment, address: 002A - 002A (0x1 bytes), align: 0
  Segment part 15. ROOT       Intra module refs:   Init_PID
           ENTRY                   ADDRESS         REF BY
           =====                   =======         ======
           _A_P2DIR                002A 
           LOCAL                   ADDRESS         
           =====                   =======         
           P2DIR                   002A 
           P2DIR_bit               002A 
    -------------------------------------------------------------------------
DATA16_AN
  Relative segment, address: 002E - 002E (0x1 bytes), align: 0
  Segment part 16. ROOT       Intra module refs:   Init_PID
           ENTRY                   ADDRESS         REF BY
           =====                   =======         ======
           _A_P2SEL                002E 
           LOCAL                   ADDRESS         
           =====                   =======         
           P2SEL                   002E 
           P2SEL_bit               002E 
    -------------------------------------------------------------------------
DATA16_AN
  Relative segment, address: 0180 - 0181 (0x2 bytes), align: 0
  Segment part 17. ROOT       Intra module refs:   Init_PID
           ENTRY                   ADDRESS         REF BY
           =====                   =======         ======
           _A_TA1CTL               0180 
           LOCAL                   ADDRESS         
           =====                   =======         
           TA1CTL                  0180 
           TA1CTL_bit              0180 
    -------------------------------------------------------------------------
DATA16_AN
  Relative segment, address: 0184 - 0185 (0x2 bytes), align: 0
  Segment part 18. ROOT       Intra module refs:   Init_PID
           ENTRY                   ADDRESS         REF BY
           =====                   =======         ======
           _A_TA1CCTL1             0184 
           LOCAL                   ADDRESS         
           =====                   =======         
           TA1CCTL1                0184 
           TA1CCTL1_bit            0184 
    -------------------------------------------------------------------------
DATA16_AN
  Relative segment, address: 0192 - 0193 (0x2 bytes), align: 0
  Segment part 19. ROOT       Intra module refs:   Init_PID
           ENTRY                   ADDRESS         REF BY
           =====                   =======         ======
           TA1CCR0                 0192 
    -------------------------------------------------------------------------
DATA16_AN
  Relative segment, address: 0194 - 0195 (0x2 bytes), align: 0
  Segment part 20. ROOT       Intra module refs:   Init_PID
           ENTRY                   ADDRESS         REF BY
           =====                   =======         ======
           TA1CCR1                 0194 
    -------------------------------------------------------------------------
DATA16_AN
  Relative segment, address: 0061 - 0061 (0x1 bytes), align: 0
  Segment part 21. ROOT       Intra module refs:   Init_UART
           ENTRY                   ADDRESS         REF BY
           =====                   =======         ======
           _A_UCA0CTL1             0061 
           LOCAL                   ADDRESS         
           =====                   =======         
           UCA0CTL1                0061 
           UCA0CTL1__SPI           0061 
           UCA0CTL1__SPI_bit       0061 
           UCA0CTL1_bit            0061 
    -------------------------------------------------------------------------
DATA16_AN
  Relative segment, address: 0062 - 0062 (0x1 bytes), align: 0
  Segment part 22. ROOT       Intra module refs:   Init_UART
           ENTRY                   ADDRESS         REF BY
           =====                   =======         ======
           _A_UCA0BR0              0062 
           LOCAL                   ADDRESS         
           =====                   =======         
           UCA0BR0                 0062 
           UCA0BR0__SPI            0062 
    -------------------------------------------------------------------------
DATA16_AN
  Relative segment, address: 0063 - 0063 (0x1 bytes), align: 0
  Segment part 23. ROOT       Intra module refs:   Init_UART
           ENTRY                   ADDRESS         REF BY
           =====                   =======         ======
           _A_UCA0BR1              0063 
           LOCAL                   ADDRESS         
           =====                   =======         
           UCA0BR1                 0063 
           UCA0BR1__SPI            0063 
    -------------------------------------------------------------------------
DATA16_AN
  Relative segment, address: 0064 - 0064 (0x1 bytes), align: 0
  Segment part 24. ROOT       Intra module refs:   Init_UART
           ENTRY                   ADDRESS         REF BY
           =====                   =======         ======
           _A_UCA0MCTL             0064 
           LOCAL                   ADDRESS         
           =====                   =======         
           UCA0MCTL                0064 
           UCA0MCTL__SPI           0064 
           UCA0MCTL_bit            0064 
    -------------------------------------------------------------------------
DATA16_AN
  Relative segment, address: 0066 - 0066 (0x1 bytes), align: 0
  Segment part 25. ROOT       Intra module refs:   getc
           ENTRY                   ADDRESS         REF BY
           =====                   =======         ======
           _A_UCA0RXBUF            0066 
           LOCAL                   ADDRESS         
           =====                   =======         
           UCA0RXBUF               0066 
           UCA0RXBUF__SPI          0066 
    -------------------------------------------------------------------------
DATA16_AN
  Relative segment, address: 0067 - 0067 (0x1 bytes), align: 0
  Segment part 26. ROOT       Intra module refs:   putc
           ENTRY                   ADDRESS         REF BY
           =====                   =======         ======
           _A_UCA0TXBUF            0067 
           LOCAL                   ADDRESS         
           =====                   =======         
           UCA0TXBUF               0067 
           UCA0TXBUF__SPI          0067 
    -------------------------------------------------------------------------
DATA16_AN
  Relative segment, address: 0120 - 0121 (0x2 bytes), align: 0
  Segment part 27. ROOT       Intra module refs:   Init
                                                   Init_PID
           ENTRY                   ADDRESS         REF BY
           =====                   =======         ======
           _A_WDTCTL               0120 
           LOCAL                   ADDRESS         
           =====                   =======         
           WDTCTL                  0120 
           WDTCTL_bit              0120 
    -------------------------------------------------------------------------
DATA16_AN
  Relative segment, address: 10F8 - 10F8 (0x1 bytes), align: 0
  Segment part 28. ROOT       Intra module refs:   Init
           ENTRY                   ADDRESS         REF BY
           =====                   =======         ======
           CALDCO_16MHZ            10F8 
    -------------------------------------------------------------------------
DATA16_AN
  Relative segment, address: 10F9 - 10F9 (0x1 bytes), align: 0
  Segment part 29. ROOT       Intra module refs:   Init
           ENTRY                   ADDRESS         REF BY
           =====                   =======         ======
           CALBC1_16MHZ            10F9 
    -------------------------------------------------------------------------
DATA16_Z
  Relative segment, address: 0200 - 038F (0x190 bytes), align: 0
  Segment part 33.            Intra module refs:   Sample
                                                   Send
           ENTRY                   ADDRESS         REF BY
           =====                   =======         ======
           v                       0200 
    -------------------------------------------------------------------------
DATA16_Z
  Relative segment, address: 0390 - 0390 (0x1 bytes), align: 0
  Segment part 34.            Intra module refs:   Init_PID
                                                   USCI0RX_ISR
           ENTRY                   ADDRESS         REF BY
           =====                   =======         ======
           kp                      0390 
    -------------------------------------------------------------------------
DATA16_Z
  Relative segment, address: 0391 - 0391 (0x1 bytes), align: 0
  Segment part 35.            Intra module refs:   Init_PID
                                                   USCI0RX_ISR
           ENTRY                   ADDRESS         REF BY
           =====                   =======         ======
           ki                      0391 
    -------------------------------------------------------------------------
DATA16_Z
  Relative segment, address: 0392 - 0392 (0x1 bytes), align: 0
  Segment part 36.            Intra module refs:   Init_PID
                                                   USCI0RX_ISR
           ENTRY                   ADDRESS         REF BY
           =====                   =======         ======
           kd                      0392 
    -------------------------------------------------------------------------
DATA16_Z
  Relative segment, address: 0393 - 0393 (0x1 bytes), align: 0
  Segment part 37.            Intra module refs:   Init_PID
                                                   USCI0RX_ISR
           ENTRY                   ADDRESS         REF BY
           =====                   =======         ======
           power                   0393 
    -------------------------------------------------------------------------
<CODE> 1 (was CODE)
  Relative segment, address: C720 - C74F (0x30 bytes), align: 1
  Segment part 39.            Intra module refs:   main
           ENTRY                   ADDRESS         REF BY
           =====                   =======         ======
           Init_UART               C720 
    -------------------------------------------------------------------------
<CODE> 1 (was CODE)
  Relative segment, address: C8A2 - C8AD (0xc bytes), align: 1
  Segment part 40.            Intra module refs:   USCI0RX_ISR
           ENTRY                   ADDRESS         REF BY
           =====                   =======         ======
           getc                    C8A2 
    -------------------------------------------------------------------------
<CODE> 1 (was CODE)
  Relative segment, address: C85C - C86D (0x12 bytes), align: 1
  Segment part 41.            Intra module refs:   Send
           ENTRY                   ADDRESS         REF BY
           =====                   =======         ======
           putc                    C85C 
    -------------------------------------------------------------------------
<CODE> 1 (was CODE)
  Relative segment, address: C800 - C819 (0x1a bytes), align: 1
  Segment part 45.            Intra module refs:   main
           ENTRY                   ADDRESS         REF BY
           =====                   =======         ======
           Init_ADC                C800 
    -------------------------------------------------------------------------
<CODE> 1 (was CODE)
  Relative segment, address: C848 - C85B (0x14 bytes), align: 1
  Segment part 46.            Intra module refs:   main
           ENTRY                   ADDRESS         REF BY
           =====                   =======         ======
           Sample                  C848 
    -------------------------------------------------------------------------
<CODE> 1 (was CODE)
  Relative segment, address: C832 - C847 (0x16 bytes), align: 1
  Segment part 47.            Intra module refs:   main
           ENTRY                   ADDRESS         REF BY
           =====                   =======         ======
           Send                    C832 
               calls direct
    -------------------------------------------------------------------------
<CODE> 1 (was CODE)
  Relative segment, address: C018 - C1C3 (0x1ac bytes), align: 1
  Segment part 48.            Intra module refs:   main
           ENTRY                   ADDRESS         REF BY
           =====                   =======         ======
           Init_PID                C018 
               calls direct
    -------------------------------------------------------------------------
<CODE> 1 (was CODE)
  Relative segment, address: C7DA - C7FF (0x26 bytes), align: 1
  Segment part 49.            Intra module refs:   main
           ENTRY                   ADDRESS         REF BY
           =====                   =======         ======
           Init                    C7DA 
    -------------------------------------------------------------------------
<CODE> 1 (was CODE)
  Relative segment, address: C7B0 - C7D9 (0x2a bytes), align: 1
  Segment part 50.            Intra module refs:   USCI0RX_ISR::??INTVEC 14
           ENTRY                   ADDRESS         REF BY
           =====                   =======         ======
           USCI0RX_ISR             C7B0 
               interrupt function
               calls direct
    -------------------------------------------------------------------------
<CODE> 1 (was CODE)
  Relative segment, address: C750 - C77F (0x30 bytes), align: 1
  Segment part 51.
           ENTRY                   ADDRESS         REF BY
           =====                   =======         ======
           main                    C750            Segment part 19 (?cstart)
               calls direct
    -------------------------------------------------------------------------
INTVEC
  Common segment, address: FFE0 - FFEF (0x10 bytes), align: 1
  Segment part 30. ROOT 
           ENTRY                   ADDRESS         REF BY
           =====                   =======         ======
           USCI0RX_ISR::??INTVEC 14
                                   FFEE 

    *************************************************************************

  FILE NAME : C:\Program Files (x86)\IAR Systems\Embedded Workbench 8.0\430\lib\dlib\dl430fn.r43
  LIBRARY MODULE, NAME : ?__dbg_break

  SEGMENTS IN THE MODULE
  ======================
<CODE> 1 (was CODE)
  Relative segment, address: C8B6 - C8B7 (0x2 bytes), align: 1
  Segment part 2.
           ENTRY                   ADDRESS         REF BY
           =====                   =======         ======
           __DebugBreak            C8B6            __exit (?__exit)

    -------------------------------------------------------------------------
  LIBRARY MODULE, NAME : ?__exit

  SEGMENTS IN THE MODULE
  ======================
<CODE> 1 (was CODE)
  Relative segment, address: C86E - C87F (0x12 bytes), align: 1
  Segment part 2.
           ENTRY                   ADDRESS         REF BY
           =====                   =======         ======
           __exit                  C86E            Segment part 6 (?_exit)
                                                   _exit (?_exit)
               calls direct

    -------------------------------------------------------------------------
  LIBRARY MODULE, NAME : ?_exit

  SEGMENTS IN THE MODULE
  ======================
<CODE> 1 (was CODE)
  Relative segment, address: C8AE, align: 1
  Segment part 0.
           ENTRY                   ADDRESS         REF BY
           =====                   =======         ======
           _exit                   C8AE            exit (?exit)
    -------------------------------------------------------------------------
<CODE> 1 (was CODE)
  Relative segment, address: C8AE - C8B1 (0x4 bytes), align: 1
  Segment part 6.             Intra module refs:   _exit

    -------------------------------------------------------------------------
  LIBRARY MODULE, NAME : ?cstart

  SEGMENTS IN THE MODULE
  ======================
CSTACK
  Relative segment, address: 03B0, align: 1
  Segment part 1.
    -------------------------------------------------------------------------
DATA16_Z
  Relative segment, address: 0200, align: 1
  Segment part 2.
    -------------------------------------------------------------------------
CSTART
  Relative segment, address: C000 - C003 (0x4 bytes), align: 1
  Segment part 9.
           ENTRY                   ADDRESS         REF BY
           =====                   =======         ======
           __program_start         C000            ?reset_vector (?reset_vector)
                                                   Absolute parts (?ABS_ENTRY_MOD)
           ?cstart_begin           C000 
    -------------------------------------------------------------------------
CSTART
  Relative segment, address: C004 - C00F (0xc bytes), align: 1
  Segment part 14.
           ENTRY                   ADDRESS         REF BY
           =====                   =======         ======
           ?cstart_init_zero       C004            kd (main)
                                                   ki (main)
                                                   kp (main)
                                                   power (main)
                                                   v (main)
    -------------------------------------------------------------------------
CSTART
  Relative segment, address: C010 - C017 (0x8 bytes), align: 1
  Segment part 19.            Intra module refs:   Segment part 9
           ENTRY                   ADDRESS         REF BY
           =====                   =======         ======
           ?cstart_call_main       C010 
           ?cstart_end             C018 

    -------------------------------------------------------------------------
  LIBRARY MODULE, NAME : ?reset_vector

  SEGMENTS IN THE MODULE
  ======================
RESET
  Relative segment, address: FFFE - FFFF (0x2 bytes), align: 1
  Segment part 0.
           ENTRY                   ADDRESS         REF BY
           =====                   =======         ======
           ?reset_vector           FFFE            Segment part 9 (?cstart)

    -------------------------------------------------------------------------
  LIBRARY MODULE, NAME : ?Epilogue

  SEGMENTS IN THE MODULE
  ======================
<CODE> 1 (was CODE)
  Relative segment, address: C880 - C881 (0x2 bytes), align: 1
  Segment part 0.
           ENTRY                   ADDRESS         REF BY
           =====                   =======         ======
           ?Epilogue8              C880            Init_PID (main)
    -------------------------------------------------------------------------
<CODE> 1 (was CODE)
  Relative segment, address: C882 - C883 (0x2 bytes), align: 1
  Segment part 1.             Intra module refs:   ?Epilogue8
           ENTRY                   ADDRESS         REF BY
           =====                   =======         ======
           ?Epilogue7              C882 
    -------------------------------------------------------------------------
<CODE> 1 (was CODE)
  Relative segment, address: C884 - C885 (0x2 bytes), align: 1
  Segment part 2.             Intra module refs:   ?Epilogue7
           ENTRY                   ADDRESS         REF BY
           =====                   =======         ======
           ?Epilogue6              C884 
    -------------------------------------------------------------------------
<CODE> 1 (was CODE)
  Relative segment, address: C886 - C887 (0x2 bytes), align: 1
  Segment part 3.             Intra module refs:   ?Epilogue6
           ENTRY                   ADDRESS         REF BY
           =====                   =======         ======
           ?Epilogue5              C886 
    -------------------------------------------------------------------------
<CODE> 1 (was CODE)
  Relative segment, address: C888 - C889 (0x2 bytes), align: 1
  Segment part 4.             Intra module refs:   ?Epilogue5
           ENTRY                   ADDRESS         REF BY
           =====                   =======         ======
           ?Epilogue4              C888 
    -------------------------------------------------------------------------
<CODE> 1 (was CODE)
  Relative segment, address: C88A - C891 (0x8 bytes), align: 1
  Segment part 5.             Intra module refs:   ?Epilogue4
           ENTRY                   ADDRESS         REF BY
           =====                   =======         ======
           ?Epilogue3              C88A 

    -------------------------------------------------------------------------
  LIBRARY MODULE, NAME : ?exit

  SEGMENTS IN THE MODULE
  ======================
<CODE> 1 (was CODE)
  Relative segment, address: C8B2 - C8B5 (0x4 bytes), align: 1
  Segment part 2.
           ENTRY                   ADDRESS         REF BY
           =====                   =======         ======
           exit                    C8B2            Segment part 19 (?cstart)
               calls direct

    -------------------------------------------------------------------------
  LIBRARY MODULE, NAME : ?Cast32f32i

  SEGMENTS IN THE MODULE
  ======================
<CODE> 1 (was CODE)
  Relative segment, address: C568 - C57B (0x14 bytes), align: 1
  Segment part 0.
           ENTRY                   ADDRESS         REF BY
           =====                   =======         ======
           _Cast32sto32f           C568            Init_PID (main)
    -------------------------------------------------------------------------
<CODE> 1 (was CODE)
  Relative segment, address: C57C - C5F9 (0x7e bytes), align: 1
  Segment part 1.             Intra module refs:   _Cast32sto32f
           ENTRY                   ADDRESS         REF BY
           =====                   =======         ======
           _Cast32uto32f           C57C            Init_PID (main)

    -------------------------------------------------------------------------
  LIBRARY MODULE, NAME : _Cast32fto32s

  SEGMENTS IN THE MODULE
  ======================
<CODE> 1 (was CODE)
  Relative segment, address: C6EE - C71F (0x32 bytes), align: 1
  Segment part 0.
           ENTRY                   ADDRESS         REF BY
           =====                   =======         ======
           _Cast32fto32s           C6EE            Init_PID (main)

    -------------------------------------------------------------------------
  LIBRARY MODULE, NAME : ?FLT_Extract

  SEGMENTS IN THE MODULE
  ======================
<CODE> 1 (was CODE)
  Relative segment, address: C6A2 - C6ED (0x4c bytes), align: 1
  Segment part 0.
           ENTRY                   ADDRESS         REF BY
           =====                   =======         ======
           ?FLT_Extract            C6A2            _Cast32fto32s (_Cast32fto32s)

    -------------------------------------------------------------------------
  LIBRARY MODULE, NAME : ?FLT_GE

  SEGMENTS IN THE MODULE
  ======================
<CODE> 1 (was CODE)
  Relative segment, address: C5FA - C64F (0x56 bytes), align: 1
  Segment part 0.
           ENTRY                   ADDRESS         REF BY
           =====                   =======         ======
           ?FLT_GE                 C5FA            Init_PID (main)

    -------------------------------------------------------------------------
  LIBRARY MODULE, NAME : ?FLT_LT

  SEGMENTS IN THE MODULE
  ======================
<CODE> 1 (was CODE)
  Relative segment, address: C650 - C6A1 (0x52 bytes), align: 1
  Segment part 0.
           ENTRY                   ADDRESS         REF BY
           =====                   =======         ======
           ?FLT_LT                 C650            Init_PID (main)

    -------------------------------------------------------------------------
  LIBRARY MODULE, NAME : _Mul32f

  SEGMENTS IN THE MODULE
  ======================
<CODE> 1 (was CODE)
  Relative segment, address: C458 - C567 (0x110 bytes), align: 1
  Segment part 0.
           ENTRY                   ADDRESS         REF BY
           =====                   =======         ======
           _Mul32f                 C458            Init_PID (main)

    -------------------------------------------------------------------------
  LIBRARY MODULE, NAME : _Div32f

  SEGMENTS IN THE MODULE
  ======================
<CODE> 1 (was CODE)
  Relative segment, address: C328 - C457 (0x130 bytes), align: 1
  Segment part 0.
           ENTRY                   ADDRESS         REF BY
           =====                   =======         ======
           _Div32f                 C328            Init_PID (main)

    -------------------------------------------------------------------------
  LIBRARY MODULE, NAME : _Add32f

  SEGMENTS IN THE MODULE
  ======================
<CODE> 1 (was CODE)
  Relative segment, address: C1C4 - C1C7 (0x4 bytes), align: 1
  Segment part 0.
           ENTRY                   ADDRESS         REF BY
           =====                   =======         ======
           _Sub32f                 C1C4            Init_PID (main)
    -------------------------------------------------------------------------
<CODE> 1 (was CODE)
  Relative segment, address: C1C8 - C327 (0x160 bytes), align: 1
  Segment part 1.             Intra module refs:   _Sub32f
           ENTRY                   ADDRESS         REF BY
           =====                   =======         ======
           _Add32f                 C1C8            Init_PID (main)

    -------------------------------------------------------------------------
  LIBRARY MODULE, NAME : ?DivMod816u

  SEGMENTS IN THE MODULE
  ======================
<CODE> 1 (was CODE)
  Relative segment, address: C81A - C831 (0x18 bytes), align: 1
  Segment part 1.
           ENTRY                   ADDRESS         REF BY
           =====                   =======         ======
           ?DivMod16u              C81A            ?DivMod16s (?DivMod816s)

    -------------------------------------------------------------------------
  LIBRARY MODULE, NAME : ?DivMod816s

  SEGMENTS IN THE MODULE
  ======================
<CODE> 1 (was CODE)
  Relative segment, address: C780 - C7AF (0x30 bytes), align: 1
  Segment part 1.
           ENTRY                   ADDRESS         REF BY
           =====                   =======         ======
           ?DivMod16s              C780            Init_PID (main)

    -------------------------------------------------------------------------
  LIBRARY MODULE, NAME : ?memzero

  SEGMENTS IN THE MODULE
  ======================
<CODE> 1 (was CODE)
  Relative segment, address: C892 - C8A1 (0x10 bytes), align: 1
  Segment part 2.
           ENTRY                   ADDRESS         REF BY
           =====                   =======         ======
           __data16_memzero        C892            ?cstart_init_zero (?cstart)




                ****************************************
                *                                      *
                *      SEGMENTS IN ADDRESS ORDER       *
                *                                      *
                ****************************************


SEGMENT              SPACE    START ADDRESS   END ADDRESS     SIZE  TYPE  ALIGN
=======              =====    =============   ===========     ====  ====  =====
DATA16_AN                              0001 - 0001               1   rel    0
                                       0003 - 0003               1 
                                       0021 - 0022               2 
                                       0025 - 0027               3 
                                       002A - 002A               1 
                                       002E - 002E               1 
                                       0041 - 0041               1 
                                       004A - 004A               1 
                                       0056 - 0057               2 
                                       0061 - 0064               4 
                                       0066 - 0067               2 
                                       0120 - 0121               2 
                                       0180 - 0181               2 
                                       0184 - 0185               2 
                                       0192 - 0195               4 
                                       01B0 - 01B5               6 
DATA16_I                                  0200                       dse    0
DATA16_Z                               0200 - 0393             194   rel    1
CSTACK                                 03B0 - 03FF              50   rel    1
DATA16_AN                              10F8 - 10F9               2   rel    0
CSTART                                 C000 - C017              18   rel    1
<CODE> 1                               C018 - C8B7             8A0   rel    1
INTVEC                                 FFE0 - FFEF              10   com    1
RESET                                  FFFE - FFFF               2   rel    1

                ****************************************
                *                                      *
                *        END OF CROSS REFERENCE        *
                *                                      *
                ****************************************

 2 250 bytes of CODE memory
   484 bytes of DATA memory (+ 37 absolute )

Errors: none
Warnings: none

